[ac1] prompt 97 tokens; continuation [1596, 1144, 4087, 1156, 579, 1622, 25, 11346]
[ac1] K=1: ring-free envelope (reference M=2 forward vs 2 single-token forwards): conv max|err| 6.25e-1 ssm max|err| 3.116551e-2
[ac1] K=1 j=2: rollback_to(99) vs reference cache, same M=2 forward: conv max|err| 0e0 ssm max|err| 0e0; vs token-at-a-time decode: conv 6.25e-1 ssm 3.116551e-2 (48 linear layers)
[ac1] K=1 j=1: rollback_to(98) vs second ring, same first 1 tokens + other suffix: conv max|err| 0e0 ssm max|err| 0e0; vs token-at-a-time decode: conv 6.25e-1 ssm 3.6844328e-2 (48 linear layers)
[ac1] K=1 j=0: rollback_to(97) vs prompt-only state: conv max|err| 0e0 ssm max|err| 0e0; vs token-at-a-time decode: conv 0e0 ssm 0e0 (48 linear layers)
[ac1] K=2: ring-free envelope (reference M=3 forward vs 3 single-token forwards): conv max|err| 6.25e-1 ssm max|err| 2.6292086e-2
[ac1] K=2 j=3: rollback_to(100) vs reference cache, same M=3 forward: conv max|err| 0e0 ssm max|err| 0e0; vs token-at-a-time decode: conv 6.25e-1 ssm 2.6292086e-2 (48 linear layers)
[ac1] K=2 j=2: rollback_to(99) vs second ring, same first 2 tokens + other suffix: conv max|err| 0e0 ssm max|err| 0e0; vs token-at-a-time decode: conv 6.25e-1 ssm 3.181073e-2 (48 linear layers)
[ac1] K=2 j=1: rollback_to(98) vs second ring, same first 1 tokens + other suffix: conv max|err| 0e0 ssm max|err| 0e0; vs token-at-a-time decode: conv 6.25e-1 ssm 3.6844328e-2 (48 linear layers)
[ac1] K=2 j=0: rollback_to(97) vs prompt-only state: conv max|err| 0e0 ssm max|err| 0e0; vs token-at-a-time decode: conv 0e0 ssm 0e0 (48 linear layers)
[ac1] K=3: ring-free envelope (reference M=4 forward vs 4 single-token forwards): conv max|err| 2.96875e-1 ssm max|err| 4.3572664e-2
[ac1] K=3 j=4: rollback_to(101) vs reference cache, same M=4 forward: conv max|err| 0e0 ssm max|err| 0e0; vs token-at-a-time decode: conv 2.96875e-1 ssm 4.3572664e-2 (48 linear layers)
[ac1] K=3 j=3: rollback_to(100) vs second ring, same first 3 tokens + other suffix: conv max|err| 0e0 ssm max|err| 0e0; vs token-at-a-time decode: conv 3.75e-1 ssm 4.015088e-2 (48 linear layers)
[ac1] K=3 j=2: rollback_to(99) vs second ring, same first 2 tokens + other suffix: conv max|err| 0e0 ssm max|err| 0e0; vs token-at-a-time decode: conv 3.75e-1 ssm 4.4100046e-2 (48 linear layers)
[ac1] K=3 j=1: rollback_to(98) vs second ring, same first 1 tokens + other suffix: conv max|err| 0e0 ssm max|err| 0e0; vs token-at-a-time decode: conv 3.75e-1 ssm 2.6131928e-2 (48 linear layers)
[ac1] K=3 j=0: rollback_to(97) vs prompt-only state: conv max|err| 0e0 ssm max|err| 0e0; vs token-at-a-time decode: conv 0e0 ssm 0e0 (48 linear layers)
[ac1] K=4: ring-free envelope (reference M=5 forward vs 5 single-token forwards): conv max|err| 2.5e-1 ssm max|err| 3.4713984e-2
[ac1] K=4 j=5: rollback_to(102) vs reference cache, same M=5 forward: conv max|err| 0e0 ssm max|err| 0e0; vs token-at-a-time decode: conv 2.5e-1 ssm 3.4713984e-2 (48 linear layers)
[ac1] K=4 j=4: rollback_to(101) vs second ring, same first 4 tokens + other suffix: conv max|err| 0e0 ssm max|err| 0e0; vs token-at-a-time decode: conv 2.96875e-1 ssm 3.900528e-2 (48 linear layers)
[ac1] K=4 j=3: rollback_to(100) vs second ring, same first 3 tokens + other suffix: conv max|err| 0e0 ssm max|err| 0e0; vs token-at-a-time decode: conv 3.75e-1 ssm 4.293579e-2 (48 linear layers)
[ac1] K=4 j=2: rollback_to(99) vs second ring, same first 2 tokens + other suffix: conv max|err| 0e0 ssm max|err| 0e0; vs token-at-a-time decode: conv 3.75e-1 ssm 4.4100046e-2 (48 linear layers)
[ac1] K=4 j=1: rollback_to(98) vs second ring, same first 1 tokens + other suffix: conv max|err| 0e0 ssm max|err| 0e0; vs token-at-a-time decode: conv 3.75e-1 ssm 2.6131928e-2 (48 linear layers)
[ac1] K=4 j=0: rollback_to(97) vs prompt-only state: conv max|err| 0e0 ssm max|err| 0e0; vs token-at-a-time decode: conv 0e0 ssm 0e0 (48 linear layers)
[ac1] K=5: ring-free envelope (reference M=6 forward vs 6 single-token forwards): conv max|err| 2.5e-1 ssm max|err| 2.8810725e-2
[ac1] K=5 j=6: rollback_to(103) vs reference cache, same M=6 forward: conv max|err| 0e0 ssm max|err| 0e0; vs token-at-a-time decode: conv 2.5e-1 ssm 2.8810725e-2 (48 linear layers)
[ac1] K=5 j=5: rollback_to(102) vs second ring, same first 5 tokens + other suffix: conv max|err| 0e0 ssm max|err| 0e0; vs token-at-a-time decode: conv 2.5e-1 ssm 3.388834e-2 (48 linear layers)
[ac1] K=5 j=4: rollback_to(101) vs second ring, same first 4 tokens + other suffix: conv max|err| 0e0 ssm max|err| 0e0; vs token-at-a-time decode: conv 2.96875e-1 ssm 3.9759934e-2 (48 linear layers)
[ac1] K=5 j=3: rollback_to(100) vs second ring, same first 3 tokens + other suffix: conv max|err| 0e0 ssm max|err| 0e0; vs token-at-a-time decode: conv 3.75e-1 ssm 4.015088e-2 (48 linear layers)
[ac1] K=5 j=2: rollback_to(99) vs second ring, same first 2 tokens + other suffix: conv max|err| 0e0 ssm max|err| 0e0; vs token-at-a-time decode: conv 3.75e-1 ssm 4.4100046e-2 (48 linear layers)
[ac1] K=5 j=1: rollback_to(98) vs second ring, same first 1 tokens + other suffix: conv max|err| 0e0 ssm max|err| 0e0; vs token-at-a-time decode: conv 3.75e-1 ssm 2.6131928e-2 (48 linear layers)
[ac1] K=5 j=0: rollback_to(97) vs prompt-only state: conv max|err| 0e0 ssm max|err| 0e0; vs token-at-a-time decode: conv 0e0 ssm 0e0 (48 linear layers)
[ac1] widths [1, 2, 3, 4, 5]: worst same-arithmetic max|err| 0e0 (gate 1e-6)
[ac2] mtp K=1: verify_steps 24 direct_rollbacks 0 replay_fallbacks 0 fwd/verify Some(1.0) acceptance 1.000 cache live 155 MiB checkpoints 293 MiB
[ac2] mtp K=2: verify_steps 16 direct_rollbacks 1 replay_fallbacks 0 fwd/verify Some(1.0) acceptance 0.969 cache live 156 MiB checkpoints 440 MiB
[ac2] mtp K=3: verify_steps 13 direct_rollbacks 2 replay_fallbacks 0 fwd/verify Some(1.0) acceptance 0.895 cache live 156 MiB checkpoints 587 MiB
[ac2] mtp K=4: verify_steps 12 direct_rollbacks 5 replay_fallbacks 0 fwd/verify Some(1.0) acceptance 0.795 cache live 156 MiB checkpoints 734 MiB
[ac2] mtp K=5: verify_steps 10 direct_rollbacks 3 replay_fallbacks 0 fwd/verify Some(1.0) acceptance 0.787 cache live 156 MiB checkpoints 880 MiB
