10:11:01 workers=0 gh_active=0 gpu=[0, 7178, 0;1, 885, 0;]
10:11:32 workers=0 gh_active=0 gpu=[0, 53380, 70;1, 881, 0;]
10:12:03 workers=0 gh_active=0 gpu=[0, 53380, 72;1, 881, 0;]
10:12:35 workers=0 gh_active=0 gpu=[0, 53636, 70;1, 881, 0;]
10:13:06 workers=0 gh_active=0 gpu=[0, 53636, 67;1, 881, 0;]
10:13:37 workers=0 gh_active=0 gpu=[0, 53380, 75;1, 881, 0;]
10:14:09 workers=0 gh_active=0 gpu=[0, 11050, 0;1, 881, 0;]
10:14:40 workers=0 gh_active=0 gpu=[0, 53316, 75;1, 881, 0;]
10:15:11 workers=0 gh_active=0 gpu=[0, 53412, 72;1, 881, 0;]
10:15:42 workers=0 gh_active=0 gpu=[0, 53668, 74;1, 881, 0;]
10:16:13 workers=0 gh_active=0 gpu=[0, 53668, 75;1, 881, 0;]
10:16:44 workers=0 gh_active=0 gpu=[0, 53316, 73;1, 881, 0;]
10:17:16 workers=0 gh_active=0 gpu=[0, 25034, 40;1, 881, 0;]
10:17:47 workers=0 gh_active=0 gpu=[0, 60906, 96;1, 881, 0;]
10:18:18 workers=0 gh_active=0 gpu=[0, 67658, 46;1, 881, 0;]
10:18:49 workers=0 gh_active=0 gpu=[0, 76170, 0;1, 881, 0;]
10:19:20 workers=0 gh_active=0 gpu=[0, 84778, 0;1, 881, 0;]
10:19:52 workers=0 gh_active=0 gpu=[0, 40004, 32;1, 881, 0;]
10:20:23 workers=0 gh_active=0 gpu=[0, 40004, 34;1, 877, 0;]
10:20:54 workers=0 gh_active=0 gpu=[0, 40004, 31;1, 875, 0;]
10:21:25 workers=0 gh_active=0 gpu=[0, 40006, 38;1, 880, 0;]
10:21:56 workers=0 gh_active=0 gpu=[0, 40006, 44;1, 880, 0;]
10:22:28 workers=0 gh_active=0 gpu=[0, 40006, 31;1, 880, 0;]
10:22:59 workers=0 gh_active=0 gpu=[0, 40006, 32;1, 880, 0;]
10:23:30 workers=0 gh_active=0 gpu=[0, 59626, 0;1, 880, 0;]
10:24:01 workers=0 gh_active=0 gpu=[0, 61898, 61;1, 880, 0;]
10:24:32 workers=0 gh_active=0 gpu=[0, 70378, 48;1, 880, 0;]
10:25:03 workers=0 gh_active=0 gpu=[0, 79050, 66;1, 880, 0;]
10:25:35 workers=0 gh_active=0 gpu=[0, 40292, 39;1, 880, 0;]
10:26:06 workers=0 gh_active=0 gpu=[0, 40292, 41;1, 880, 0;]
10:26:37 workers=0 gh_active=0 gpu=[0, 40292, 43;1, 880, 0;]
10:27:08 workers=0 gh_active=0 gpu=[0, 40294, 68;1, 880, 0;]
10:28:00 workers=0 gh_active= gpu=[0, 40294, 68;1, 880, 0;]
10:28:32 workers=0 gh_active=0 gpu=[0, 38634, 22;1, 880, 0;]
10:29:04 workers=0 gh_active=0 gpu=[0, 23302, 64;1, 880, 0;]
10:29:35 workers=0 gh_active=0 gpu=[0, 23366, 33;1, 880, 0;]
10:30:06 workers=0 gh_active=0 gpu=[0, 23846, 37;1, 880, 0;]
10:30:38 workers=0 gh_active=0 gpu=[0, 23302, 65;1, 880, 0;]
10:31:09 workers=0 gh_active=0 gpu=[0, 7178, 45;1, 880, 0;]
10:31:40 workers=0 gh_active=0 gpu=[0, 23430, 34;1, 880, 0;]
10:32:12 workers=0 gh_active=0 gpu=[0, 23494, 66;1, 880, 0;]
10:32:43 workers=0 gh_active=0 gpu=[0, 23910, 65;1, 880, 0;]
10:33:14 workers=0 gh_active=0 gpu=[0, 23526, 37;1, 880, 0;]
10:33:45 workers=0 gh_active=0 gpu=[0, 0, 22;1, 880, 0;]
10:34:17 workers=0 gh_active=0 gpu=[0, 14026, 0;1, 880, 0;]
10:34:48 workers=0 gh_active=0 gpu=[0, 18218, 8;1, 880, 0;]
10:35:19 workers=0 gh_active=0 gpu=[0, 15492, 31;1, 880, 0;]
10:35:51 workers=0 gh_active=0 gpu=[0, 490, 1;1, 880, 0;]
10:36:22 workers=0 gh_active=0 gpu=[0, 24650, 46;1, 880, 0;]
10:36:53 workers=0 gh_active=0 gpu=[0, 11946, 0;1, 880, 0;]
10:37:25 workers=0 gh_active=0 gpu=[0, 9030, 88;1, 880, 0;]
